============================= test session starts =============================
platform win32 -- Python 3.14.3, pytest-9.0.2, pluggy-1.6.0
rootdir: D:\ytdlbot-1
configfile: pyproject.toml
plugins: anyio-4.12.1, hypothesis-6.151.9, asyncio-1.3.0, cov-7.0.0, respx-0.22.0, xdist-3.8.0
asyncio: mode=Mode.AUTO, debug=False, asyncio_default_fixture_loop_scope=None, asyncio_default_test_loop_scope=function
collected 436 items / 4 deselected / 432 selected

tests\test_bot_callbacks.py .....................                        [  4%]
tests\test_bot_keyboards.py ......                                       [  6%]
tests\test_bot_messages.py ......                                        [  7%]
tests\test_cache.py .....                                                [  8%]
tests\test_callbacks_exceptions.py .........                             [ 10%]
tests\test_converter_service.py .....                                    [ 12%]
tests\test_cookies_manager.py ....                                       [ 12%]
tests\test_core_process.py ..                                            [ 13%]
tests\test_core_utils.py ............................                    [ 19%]
tests\test_core_utils_extract.py .....                                   [ 21%]
tests\test_downloader_service.py ......                                  [ 22%]
tests\test_endpoints.py ........                                         [ 24%]
tests\test_fixes_verification.py ..                                      [ 24%]
tests\test_gallery_dl_service.py .........                               [ 26%]
tests\test_group_and_converter_extended.py .......                       [ 28%]
tests\test_group_logic.py ............                                   [ 31%]
tests\test_injection_prevention.py ...............                       [ 34%]
tests\test_integration.py ..................                             [ 38%]
tests\test_janitor.py ..                                                 [ 39%]
tests\test_janitor_service.py ........                                   [ 41%]
tests\test_limiter.py .......                                            [ 42%]
tests\test_logic_stability.py .                                          [ 43%]
tests\test_main_utils.py .                                               [ 43%]
tests\test_messages_errors.py ..........                                 [ 45%]
tests\test_parsers_filesize.py ............                              [ 48%]
tests\test_parsers_full.py ............................................. [ 58%]
.......                                                                  [ 60%]
tests\test_professional_features.py ....                                 [ 61%]
tests\test_property_based.py ..............                              [ 64%]
tests\test_security.py ......                                            [ 65%]
tests\test_security_headers.py .......                                   [ 67%]
tests\test_security_html_injection.py ........                           [ 69%]
tests\test_security_main.py ........                                     [ 71%]
tests\test_sender_service.py .........                                   [ 73%]
tests\test_slideshow_callbacks.py .......                                [ 75%]
tests\test_slideshow_detection.py ........                               [ 76%]
tests\test_slideshow_service.py ......                                   [ 78%]
tests\test_tiktok_content_router.py ................                     [ 81%]
tests\test_tikwm_service.py ......                                       [ 83%]
tests\test_video_meta.py ........                                        [ 85%]
tests\test_webhook_security.py .....                                     [ 86%]
tests\test_ytdlp_opts.py ...                                             [ 87%]
tests\test_ytdlp_parsers.py .............................                [ 93%]
tests\test_ytdlp_service.py .....                                        [ 94%]
tests\test_ytdlp_service_list_formats.py ..................              [ 99%]
tests\test_ytdlp_url_helpers.py ....                                     [100%]

============================== warnings summary ===============================
tests/test_bot_callbacks.py::TestBotCallbacks::test_on_cancel
  D:\ytdlbot-1\tests\test_bot_callbacks.py:158: RuntimeWarning: coroutine 'AsyncMockCache.get' was never awaited
  Coroutine created at (most recent call last)
    File "C:\Python314\Lib\unittest\async_case.py", line 147, in run
      return super().run(result)
    File "C:\Python314\Lib\unittest\case.py", line 669, in run
      self._callTestMethod(testMethod)
    File "C:\Python314\Lib\unittest\async_case.py", line 102, in _callTestMethod
      result = self._callMaybeAsync(method)
    File "C:\Python314\Lib\unittest\async_case.py", line 128, in _callMaybeAsync
      return self._asyncioRunner.run(
    File "C:\Python314\Lib\asyncio\runners.py", line 127, in run
      return self._loop.run_until_complete(task)
    File "C:\Python314\Lib\asyncio\base_events.py", line 706, in run_until_complete
      self.run_forever()
    File "C:\Python314\Lib\asyncio\base_events.py", line 677, in run_forever
      self._run_once()
    File "C:\Python314\Lib\asyncio\base_events.py", line 2038, in _run_once
      handle._run()
    File "C:\Python314\Lib\asyncio\events.py", line 94, in _run
      self._context.run(self._callback, *self._args)
    File "D:\ytdlbot-1\tests\test_bot_callbacks.py", line 158, in test_on_cancel
      self.assertTrue(state.cancel_cache.get(token))
    self.assertTrue(state.cancel_cache.get(token))
  Enable tracemalloc to get traceback where the object was allocated.
  See https://docs.pytest.org/en/stable/how-to/capture-warnings.html#resource-warnings for more info.

tests/test_callbacks_exceptions.py::TestCallbacksExceptions::test_on_cancel_valid_data_sets_cancel_flag
  D:\ytdlbot-1\tests\test_callbacks_exceptions.py:103: RuntimeWarning: coroutine 'AsyncMockCache.get' was never awaited
  Coroutine created at (most recent call last)
    File "C:\Python314\Lib\unittest\async_case.py", line 147, in run
      return super().run(result)
    File "C:\Python314\Lib\unittest\case.py", line 669, in run
      self._callTestMethod(testMethod)
    File "C:\Python314\Lib\unittest\async_case.py", line 102, in _callTestMethod
      result = self._callMaybeAsync(method)
    File "C:\Python314\Lib\unittest\async_case.py", line 128, in _callMaybeAsync
      return self._asyncioRunner.run(
    File "C:\Python314\Lib\asyncio\runners.py", line 127, in run
      return self._loop.run_until_complete(task)
    File "C:\Python314\Lib\asyncio\base_events.py", line 706, in run_until_complete
      self.run_forever()
    File "C:\Python314\Lib\asyncio\base_events.py", line 677, in run_forever
      self._run_once()
    File "C:\Python314\Lib\asyncio\base_events.py", line 2038, in _run_once
      handle._run()
    File "C:\Python314\Lib\asyncio\events.py", line 94, in _run
      self._context.run(self._callback, *self._args)
    File "D:\ytdlbot-1\tests\test_callbacks_exceptions.py", line 103, in test_on_cancel_valid_data_sets_cancel_flag
      self.assertTrue(state.cancel_cache.get("abc123"))
    self.assertTrue(state.cancel_cache.get("abc123"))
  Enable tracemalloc to get traceback where the object was allocated.
  See https://docs.pytest.org/en/stable/how-to/capture-warnings.html#resource-warnings for more info.

tests/test_integration.py::TestEndToEndDownload::test_cancel_mid_download
  D:\ytdlbot-1\tests\test_integration.py:223: RuntimeWarning: coroutine 'AsyncMockCache.get' was never awaited
  Coroutine created at (most recent call last)
    File "C:\Python314\Lib\unittest\async_case.py", line 147, in run
      return super().run(result)
    File "C:\Python314\Lib\unittest\case.py", line 669, in run
      self._callTestMethod(testMethod)
    File "C:\Python314\Lib\unittest\async_case.py", line 102, in _callTestMethod
      result = self._callMaybeAsync(method)
    File "C:\Python314\Lib\unittest\async_case.py", line 128, in _callMaybeAsync
      return self._asyncioRunner.run(
    File "C:\Python314\Lib\asyncio\runners.py", line 127, in run
      return self._loop.run_until_complete(task)
    File "C:\Python314\Lib\asyncio\base_events.py", line 706, in run_until_complete
      self.run_forever()
    File "C:\Python314\Lib\asyncio\base_events.py", line 677, in run_forever
      self._run_once()
    File "C:\Python314\Lib\asyncio\base_events.py", line 2038, in _run_once
      handle._run()
    File "C:\Python314\Lib\asyncio\events.py", line 94, in _run
      self._context.run(self._callback, *self._args)
    File "D:\ytdlbot-1\tests\test_integration.py", line 223, in test_cancel_mid_download
      self.assertTrue(state.cancel_cache.get(token))
    self.assertTrue(state.cancel_cache.get(token))
  Enable tracemalloc to get traceback where the object was allocated.
  See https://docs.pytest.org/en/stable/how-to/capture-warnings.html#resource-warnings for more info.

C:\Users\user\AppData\Roaming\Python\Python314\site-packages\_pytest\cacheprovider.py:475
  C:\Users\user\AppData\Roaming\Python\Python314\site-packages\_pytest\cacheprovider.py:475: PytestCacheWarning: could not create cache path D:\ytdlbot-1\.pytest_cache\v\cache\nodeids: [WinError 183] Cannot create a file when that file already exists: 'D:\\ytdlbot-1\\.pytest_cache\\v\\cache'
    config.cache.set("cache/nodeids", sorted(self.cached_nodeids))

-- Docs: https://docs.pytest.org/en/stable/how-to/capture-warnings.html
=============================== tests coverage ================================
_______________ coverage: platform win32, python 3.14.3-final-0 _______________

Name                                 Stmts   Miss  Cover   Missing
------------------------------------------------------------------
app\api\routes.py                      111     63    43%   53-155, 178-182
app\bot\callbacks.py                   262     65    75%   84-87, 106-108, 171-174, 216-217, 259-260, 275-276, 281-350, 362-363, 372, 376-378, 411, 423, 448
app\bot\commands.py                     12      5    58%   9-10, 14-20
app\bot\format_formatter.py             30      1    97%   17
app\bot\group_logic.py                 183     39    79%   66, 77-79, 90-93, 98, 129-133, 146-147, 158-159, 180-181, 184, 212-213, 227-228, 247-248, 275-276, 279, 295-296, 308-309, 312, 327-328, 354-355, 358
app\bot\messages.py                    133     34    74%   69-89, 103-128, 198-199
app\core\config.py                      35      1    97%   51
app\core\limiter.py                     71     18    75%   104-108, 111-120, 137-139, 142-144, 147, 150
app\core\metrics.py                    127     19    85%   45-47, 218-227, 234-256
app\core\process.py                     67     13    81%   26-31, 37-38, 45-46, 50, 67, 102-103
app\core\state.py                       40      7    82%   55-56, 61-63, 77-79
app\core\storage\memory.py              16      4    75%   14, 17, 20, 23
app\core\storage\redis_storage.py       29     17    41%   12-13, 16-23, 26-30, 33, 36
app\core\utils.py                       30      2    93%   24-25
app\services\converter.py               82     50    39%   59-65, 74, 77-79, 98-199
app\services\downloader.py             136     73    46%   88-101, 104-122, 129, 131, 159-230
app\services\gallery_dl\service.py     112     42    62%   66, 92-96, 115-179, 216-218
app\services\orchestrator.py            86      5    94%   122-123, 161-162, 171
app\services\sender.py                  49      5    90%   125-127, 132-133
app\services\slideshow.py               26      2    92%   52-53
app\services\tikwm.py                   61      5    92%   122-127
app\services\ytdlp\builders.py          32      4    88%   41, 43, 45, 93
app\services\ytdlp\cookies.py           87     16    82%   92-97, 109-111, 156, 166, 179-183
app\services\ytdlp\exceptions.py        15      3    80%   39-41
app\services\ytdlp\parsers.py          151      6    96%   172-173, 202, 205, 207, 209
app\services\ytdlp\service.py          208     68    67%   69, 71, 76, 109, 113, 119-159, 176-225, 299-303, 314, 317, 320, 349, 354, 359, 378-379, 430-432
app\tasks\janitor.py                    55     18    67%   27-28, 34-35, 42, 45-46, 57-75
------------------------------------------------------------------
TOTAL                                 2418    585    76%

17 files skipped due to complete coverage.
Required test coverage of 75% reached. Total coverage: 75.81%
================ 432 passed, 4 deselected, 4 warnings in 5.59s ================
